0000              
0000              
0000              
0000              PCLO = 0
0000              PCHI = 1
0000              PBR = 2
0000              ALO = 3
0000              AHI = 4
0000              DBR = 5
0000              DLO = 6
0000              DHI = 7
0000              XLO = 8
0000              XHI = 9
0000              YLO = 10
0000              YHI = 11
0000              SLO = 12
0000              SHI = 13
0000              
0000              CFLAG = 14
0000              NFLAG = 15
0000              ZFLAG = 16
0000              MFLAG = 17
0000              XFLAG = 18
0000              
0000              ADDRLO = 19
0000              ADDRHI = 20
0000              
0000              TMP0 = 22
0000              TMP1 = 23
0000              TMP2 = 24
0000              TMP3 = 25
0000              TMP4 = 26
0000              
0000              V1 = 27
0000              V2 = 28
0000              V128 = 29
0000              V255 = 30
0000              V0 = 31
0000              
0000              
0000              
0000              
0000              
0000              
0000              
0000              
0000              
0000              
0000              
0000              
0000              
0000              
0000              
0000              
0000              
0000              
0000              
0000              
0000              
0000              
0000              
0000              
0000              
0000              
0000              
0000              
0000              
0000              
0000              
0000              
0000              
0000              
0000              
0000              
0000              
0000              
0000              
0000              
0000              
0000              
0000              
0000              
0000              
0000              
0000              
0000              ORG $0000
0000              
0000 9f           A V0
0001 bf           B V0
0002 67           OP EOR
0003 1f           SET V0
0004 9f           A V0
0005 bf           B V0
0006 64           OP DIV
0007 1b           SET V1
0008 9b           A V1
0009 bb           B V1
000a 61           OP ADD
000b 1c           SET V2
000c 9c           A V2
000d bc           B V2
000e 63           OP MUL
000f 16           SET TMP0
0010 96           A TMP0
0011 b6           B TMP0
0012 63           OP MUL
0013 16           SET TMP0
0014 61           OP ADD
0015 17           SET TMP1
0016 96           A TMP0
0017 b7           B TMP1
0018 63           OP MUL
0019 1d           SET V128
001a 9b           A V1
001b bf           B V0
001c 64           OP DIV
001d 1e           SET V255
001e              
001e              GET V0
001e 9f           A V0
001f bf           B V0
0020 66           OP OR
0021              
0021 03           SET ALO
0022 04           SET AHI
0023 05           SET DBR
0024 06           SET DLO
0025 07           SET DHI
0026 08           SET XLO
0027 09           SET XHI
0028 0a           SET YLO
0029 0b           SET YHI
002a              
002a              GET V128
002a 9d           A V128
002b bd           B V128
002c 66           OP OR
002d              
002d 02           SET PBR
002e              GET V255
002e 9e           A V255
002f be           B V255
0030 66           OP OR
0031              
0031 01           SET PCHI
0032 9e           A V255
0033 bc           B V2
0034 63           OP MUL
0035 00           SET PCLO
0036 80           A PCLO
0037 00           SET PCLO
0038 80           A PCLO
0039 00           SET PCLO
003a              
003a              GET V255
003a 9e           A V255
003b be           B V255
003c 66           OP OR
003d              
003d 0c           SET SLO
003e              GET V1
003e 9b           A V1
003f bb           B V1
0040 66           OP OR
0041              
0041 0d           SET SHI
0042              
0042              GET V0
0042 9f           A V0
0043 bf           B V0
0044 66           OP OR
0045              
0045 0e           SET CFLAG
0046 0f           SET NFLAG
0047 10           SET ZFLAG
0048              GET V1
0048 9b           A V1
0049 bb           B V1
004a 66           OP OR
004b              
004b 11           SET MFLAG
004c 12           SET XFLAG
004d              
004d              NEXT
004d 80           A PCLO
004e a1           B PCHI
004f 62           OUT2 PBR
0050 37           IN TMP1
0051 bb           B V1
0052 61           OP ADD
0053 00           SET PCLO
0054 60           OP OVL
0055 16           SET TMP0
0056 81           A PCHI
0057 b6           B TMP0
0058 61           OP ADD
0059 f7           JMP TMP1
005a 01           SET PCHI
005b              
005b              
005b              
005b              
005b              
005b              
005b              
005b              
6900              ORG $6900
6900              FETCH TMP4
6900 80           A PCLO
6901 a1           B PCHI
6902 62           OUT2 PBR
6903 3a           IN TMP4
6904 bb           B V1
6905 61           OP ADD
6906 00           SET PCLO
6907 60           OP OVL
6908 16           SET TMP0
6909 81           A PCHI
690a b6           B TMP0
690b 61           OP ADD
690c 01           SET PCHI
690d              
690d              ADC8 ALO TMP4
690d 83           A ALO
690e ba           B TMP4
690f 61           OP ADD
6910 03           SET ALO
6911 60           OP OVL
6912 16           SET TMP0
6913 83           A ALO
6914 ae           B CFLAG
6915 61           OP ADD
6916 03           SET ALO
6917 0f           SET NFLAG
6918 10           SET ZFLAG
6919 60           OP OVL
691a 17           SET TMP1
691b 96           A TMP0
691c b7           B TMP1
691d 66           OP OR
691e 0e           SET CFLAG
691f              
691f              BRACCU16 ADC_#_16bit
691f 9f           A V0
6920 b1           B MFLAG
6921 c6           BEQ ADC_#_16bit
6922              
6922              NEXT
6922 80           A PCLO
6923 a1           B PCHI
6924 62           OUT2 PBR
6925 37           IN TMP1
6926 bb           B V1
6927 61           OP ADD
6928 00           SET PCLO
6929 60           OP OVL
692a 16           SET TMP0
692b 81           A PCHI
692c b6           B TMP0
692d 61           OP ADD
692e f7           JMP TMP1
692f 01           SET PCHI
6930              
6930              ADC_#_16bit :
6930              FETCH TMP4
6930 80           A PCLO
6931 a1           B PCHI
6932 62           OUT2 PBR
6933 3a           IN TMP4
6934 bb           B V1
6935 61           OP ADD
6936 00           SET PCLO
6937 60           OP OVL
6938 16           SET TMP0
6939 81           A PCHI
693a b6           B TMP0
693b 61           OP ADD
693c 01           SET PCHI
693d              
693d              ADC8 AHI TMP4
693d 84           A AHI
693e ba           B TMP4
693f 61           OP ADD
6940 04           SET AHI
6941 60           OP OVL
6942 16           SET TMP0
6943 84           A AHI
6944 ae           B CFLAG
6945 61           OP ADD
6946 04           SET AHI
6947 0f           SET NFLAG
6948 10           SET ZFLAG
6949 60           OP OVL
694a 17           SET TMP1
694b 96           A TMP0
694c b7           B TMP1
694d 66           OP OR
694e 0e           SET CFLAG
694f              
694f              COMPUTEZFLAG ALO AHI
694f 83           A ALO
6950 a4           B AHI
6951 66           OP OR
6952 10           SET ZFLAG
6953              
6953              NEXT
6953 80           A PCLO
6954 a1           B PCHI
6955 62           OUT2 PBR
6956 37           IN TMP1
6957 bb           B V1
6958 61           OP ADD
6959 00           SET PCLO
695a 60           OP OVL
695b 16           SET TMP0
695c 81           A PCHI
695d b6           B TMP0
695e 61           OP ADD
695f f7           JMP TMP1
6960 01           SET PCHI
6961              
6961              
6961              
6961              
6961              
2900              ORG $2900
2900              FETCH TMP4
2900 80           A PCLO
2901 a1           B PCHI
2902 62           OUT2 PBR
2903 3a           IN TMP4
2904 bb           B V1
2905 61           OP ADD
2906 00           SET PCLO
2907 60           OP OVL
2908 16           SET TMP0
2909 81           A PCHI
290a b6           B TMP0
290b 61           OP ADD
290c 01           SET PCHI
290d              
290d              AND8 ALO TMP4
290d 83           A ALO
290e ba           B TMP4
290f 65           OP AND
2910 03           SET ALO
2911 0f           SET NFLAG
2912 10           SET ZFLAG
2913              
2913              BRACCU16 AND_#_16bit
2913 9f           A V0
2914 b1           B MFLAG
2915 c5           BEQ AND_#_16bit
2916              
2916              NEXT
2916 80           A PCLO
2917 a1           B PCHI
2918 62           OUT2 PBR
2919 37           IN TMP1
291a bb           B V1
291b 61           OP ADD
291c 00           SET PCLO
291d 60           OP OVL
291e 16           SET TMP0
291f 81           A PCHI
2920 b6           B TMP0
2921 61           OP ADD
2922 f7           JMP TMP1
2923 01           SET PCHI
2924              
2924 60 60 60 60  AND_#_16bit :
2928              FETCH TMP4
2928 80           A PCLO
2929 a1           B PCHI
292a 62           OUT2 PBR
292b 3a           IN TMP4
292c bb           B V1
292d 61           OP ADD
292e 00           SET PCLO
292f 60           OP OVL
2930 16           SET TMP0
2931 81           A PCHI
2932 b6           B TMP0
2933 61           OP ADD
2934 01           SET PCHI
2935              
2935              ADC8 AHI TMP4
2935 84           A AHI
2936 ba           B TMP4
2937 61           OP ADD
2938 04           SET AHI
2939 60           OP OVL
293a 16           SET TMP0
293b 84           A AHI
293c ae           B CFLAG
293d 61           OP ADD
293e 04           SET AHI
293f 0f           SET NFLAG
2940 10           SET ZFLAG
2941 60           OP OVL
2942 17           SET TMP1
2943 96           A TMP0
2944 b7           B TMP1
2945 66           OP OR
2946 0e           SET CFLAG
2947              
2947              COMPUTEZFLAG ALO AHI
2947 83           A ALO
2948 a4           B AHI
2949 66           OP OR
294a 10           SET ZFLAG
294b              
294b              NEXT
294b 80           A PCLO
294c a1           B PCHI
294d 62           OUT2 PBR
294e 37           IN TMP1
294f bb           B V1
2950 61           OP ADD
2951 00           SET PCLO
2952 60           OP OVL
2953 16           SET TMP0
2954 81           A PCHI
2955 b6           B TMP0
2956 61           OP ADD
2957 f7           JMP TMP1
2958 01           SET PCHI
2959              
2959              
2959              
2500              ORG $2500
2500              FETCHADDRESS_d
2500              FETCH ADDRLO
2500 80           A PCLO
2501 a1           B PCHI
2502 62           OUT2 PBR
2503 33           IN ADDRLO
2504 bb           B V1
2505 61           OP ADD
2506 00           SET PCLO
2507 60           OP OVL
2508 16           SET TMP0
2509 81           A PCHI
250a b6           B TMP0
250b 61           OP ADD
250c 01           SET PCHI
250d              
250d 93           A ADDRLO
250e a6           B DLO
250f 61           OP ADD
2510 13           SET ADDRLO
2511 60           OP OVL
2512 16           SET TMP0
2513 87           A DHI
2514 b6           B TMP0
2515 61           OP ADD
2516 14           SET ADDRHI
2517              
2517              LOAD V0 TMP4
2517 93           A ADDRLO
2518 b4           B ADDRHI
2519 7f           OUT2 V0
251a 3a           IN TMP4
251b              
251b              AND8 ALO TMP4
251b 83           A ALO
251c ba           B TMP4
251d 65           OP AND
251e 03           SET ALO
251f 0f           SET NFLAG
2520 10           SET ZFLAG
2521              
2521              BRACCU16 AND_d_16bit
2521 9f           A V0
2522 b1           B MFLAG
2523 c7           BEQ AND_d_16bit
2524              
2524              NEXT
2524 80           A PCLO
2525 a1           B PCHI
2526 62           OUT2 PBR
2527 37           IN TMP1
2528 bb           B V1
2529 61           OP ADD
252a 00           SET PCLO
252b 60           OP OVL
252c 16           SET TMP0
252d 81           A PCHI
252e b6           B TMP0
252f 61           OP ADD
2530 f7           JMP TMP1
2531 01           SET PCHI
2532              
2532 60 60 60 60  AND_d_16bit :
2536 60 60       
2538              INCREMENTADDRESS
2538 93           A ADDRLO
2539 bb           B V1
253a 61           OP ADD
253b 13           SET ADDRLO
253c 60           OP OVL
253d 16           SET TMP0
253e 96           A TMP0
253f b4           B ADDRHI
2540 14           SET ADDRHI
2541              
2541              LOAD V0 TMP4
2541 93           A ADDRLO
2542 b4           B ADDRHI
2543 7f           OUT2 V0
2544 3a           IN TMP4
2545              
2545              ADC8 AHI TMP4
2545 84           A AHI
2546 ba           B TMP4
2547 61           OP ADD
2548 04           SET AHI
2549 60           OP OVL
254a 16           SET TMP0
254b 84           A AHI
254c ae           B CFLAG
254d 61           OP ADD
254e 04           SET AHI
254f 0f           SET NFLAG
2550 10           SET ZFLAG
2551 60           OP OVL
2552 17           SET TMP1
2553 96           A TMP0
2554 b7           B TMP1
2555 66           OP OR
2556 0e           SET CFLAG
2557              
2557              COMPUTEZFLAG ALO AHI
2557 83           A ALO
2558 a4           B AHI
2559 66           OP OR
255a 10           SET ZFLAG
255b              
255b              NEXT
255b 80           A PCLO
255c a1           B PCHI
255d 62           OUT2 PBR
255e 37           IN TMP1
255f bb           B V1
2560 61           OP ADD
2561 00           SET PCLO
2562 60           OP OVL
2563 16           SET TMP0
2564 81           A PCHI
2565 b6           B TMP0
2566 61           OP ADD
2567 f7           JMP TMP1
2568 01           SET PCHI
2569              
2569              
2569              
d000              ORG $D000
d000 90           A ZFLAG
d001 bf           B V0
d002 c7           BEQ BNE_r_nottaken
d003              FETCH TMP3
d003 80           A PCLO
d004 a1           B PCHI
d005 62           OUT2 PBR
d006 39           IN TMP3
d007 bb           B V1
d008 61           OP ADD
d009 00           SET PCLO
d00a 60           OP OVL
d00b 16           SET TMP0
d00c 81           A PCHI
d00d b6           B TMP0
d00e 61           OP ADD
d00f 01           SET PCHI
d010              
d010 99           A TMP3
d011 bd           B V128
d012 64           OP DIV
d013 1a           SET TMP4
d014 9a           A TMP4
d015 be           B V255
d016 63           OP MUL
d017 1a           SET TMP4
d018              JUMPRELATIVELONG TMP3 TMP4
d018 80           A PCLO
d019 b9           B TMP3
d01a 61           OP ADD
d01b 00           SET PCLO
d01c 60           OP OVL
d01d 16           SET TMP0
d01e 81           A PCHI
d01f ba           B TMP4
d020 61           OP ADD
d021 01           SET PCHI
d022 81           A PCHI
d023 b6           B TMP0
d024 01           SET PCHI
d025              
d025              NEXT
d025 80           A PCLO
d026 a1           B PCHI
d027 62           OUT2 PBR
d028 37           IN TMP1
d029 bb           B V1
d02a 61           OP ADD
d02b 00           SET PCLO
d02c 60           OP OVL
d02d 16           SET TMP0
d02e 81           A PCHI
d02f b6           B TMP0
d030 61           OP ADD
d031 f7           JMP TMP1
d032 01           SET PCHI
d033              
d033 60 60 60 60  BNE_r_nottaken :
d037 60          
d038              INCREMENTPC
d038 80           A PCLO
d039 bb           B V1
d03a 61           OP ADD
d03b 00           SET PCLO
d03c 60           OP OVL
d03d 16           SET TMP0
d03e 96           A TMP0
d03f a1           B PCHI
d040 61           OP ADD
d041 01           SET PCHI
d042              
d042              NEXT
d042 80           A PCLO
d043 a1           B PCHI
d044 62           OUT2 PBR
d045 37           IN TMP1
d046 bb           B V1
d047 61           OP ADD
d048 00           SET PCLO
d049 60           OP OVL
d04a 16           SET TMP0
d04b 81           A PCHI
d04c b6           B TMP0
d04d 61           OP ADD
d04e f7           JMP TMP1
d04f 01           SET PCHI
d050              
d050              
d050              
1800              ORG $1800
1800              GET V0
1800 9f           A V0
1801 bf           B V0
1802 66           OP OR
1803              
1803 0e           SET CFLAG
1804              NEXT
1804 80           A PCLO
1805 a1           B PCHI
1806 62           OUT2 PBR
1807 37           IN TMP1
1808 bb           B V1
1809 61           OP ADD
180a 00           SET PCLO
180b 60           OP OVL
180c 16           SET TMP0
180d 81           A PCHI
180e b6           B TMP0
180f 61           OP ADD
1810 f7           JMP TMP1
1811 01           SET PCHI
1812              
1812              
1812              
e800              ORG $E800
e800 88           A XLO
e801 bb           B V1
e802 61           OP ADD
e803 08           SET XLO
e804 10           SET ZFLAG
e805 0f           SET NFLAG
e806 60           OP OVL
e807 1a           SET TMP4
e808              BRINDEX16 INX_i_16bit
e808 9f           A V0
e809 b2           B XFLAG
e80a c4           BEQ INX_i_16bit
e80b              
e80b              NEXT
e80b 80           A PCLO
e80c a1           B PCHI
e80d 62           OUT2 PBR
e80e 37           IN TMP1
e80f bb           B V1
e810 61           OP ADD
e811 00           SET PCLO
e812 60           OP OVL
e813 16           SET TMP0
e814 81           A PCHI
e815 b6           B TMP0
e816 61           OP ADD
e817 f7           JMP TMP1
e818 01           SET PCHI
e819              
e819 60 60 60 60  INX_i_16bit :
e81d 60 60 60    
e820 89           A XHI
e821 ba           B TMP4
e822 61           OP ADD
e823 09           SET XHI
e824 0f           SET NFLAG
e825              COMPUTEZFLAG XLO XHI
e825 88           A XLO
e826 a9           B XHI
e827 66           OP OR
e828 10           SET ZFLAG
e829              
e829              NEXT
e829 80           A PCLO
e82a a1           B PCHI
e82b 62           OUT2 PBR
e82c 37           IN TMP1
e82d bb           B V1
e82e 61           OP ADD
e82f 00           SET PCLO
e830 60           OP OVL
e831 16           SET TMP0
e832 81           A PCHI
e833 b6           B TMP0
e834 61           OP ADD
e835 f7           JMP TMP1
e836 01           SET PCHI
e837              
e837              
e837              
c800              ORG $C800
c800 8a           A YLO
c801 bb           B V1
c802 61           OP ADD
c803 0a           SET YLO
c804 10           SET ZFLAG
c805 0f           SET NFLAG
c806 60           OP OVL
c807 1a           SET TMP4
c808              BRINDEX16 INY_i_16bit
c808 9f           A V0
c809 b2           B XFLAG
c80a c4           BEQ INY_i_16bit
c80b              
c80b              NEXT
c80b 80           A PCLO
c80c a1           B PCHI
c80d 62           OUT2 PBR
c80e 37           IN TMP1
c80f bb           B V1
c810 61           OP ADD
c811 00           SET PCLO
c812 60           OP OVL
c813 16           SET TMP0
c814 81           A PCHI
c815 b6           B TMP0
c816 61           OP ADD
c817 f7           JMP TMP1
c818 01           SET PCHI
c819              
c819 60 60 60 60  INY_i_16bit :
c81d 60 60 60    
c820 8b           A YHI
c821 ba           B TMP4
c822 61           OP ADD
c823 0b           SET YHI
c824 0f           SET NFLAG
c825              COMPUTEZFLAG YLO YHI
c825 8a           A YLO
c826 ab           B YHI
c827 66           OP OR
c828 10           SET ZFLAG
c829              
c829              NEXT
c829 80           A PCLO
c82a a1           B PCHI
c82b 62           OUT2 PBR
c82c 37           IN TMP1
c82d bb           B V1
c82e 61           OP ADD
c82f 00           SET PCLO
c830 60           OP OVL
c831 16           SET TMP0
c832 81           A PCHI
c833 b6           B TMP0
c834 61           OP ADD
c835 f7           JMP TMP1
c836 01           SET PCHI
c837              
c837              
5c00              ORG $5C00
5c00              FETCH TMP1
5c00 80           A PCLO
5c01 a1           B PCHI
5c02 62           OUT2 PBR
5c03 37           IN TMP1
5c04 bb           B V1
5c05 61           OP ADD
5c06 00           SET PCLO
5c07 60           OP OVL
5c08 16           SET TMP0
5c09 81           A PCHI
5c0a b6           B TMP0
5c0b 61           OP ADD
5c0c 01           SET PCHI
5c0d              
5c0d              FETCH TMP2
5c0d 80           A PCLO
5c0e a1           B PCHI
5c0f 62           OUT2 PBR
5c10 38           IN TMP2
5c11 bb           B V1
5c12 61           OP ADD
5c13 00           SET PCLO
5c14 60           OP OVL
5c15 16           SET TMP0
5c16 81           A PCHI
5c17 b6           B TMP0
5c18 61           OP ADD
5c19 01           SET PCHI
5c1a              
5c1a              FETCH PBR
5c1a 80           A PCLO
5c1b a1           B PCHI
5c1c 62           OUT2 PBR
5c1d 22           IN PBR
5c1e bb           B V1
5c1f 61           OP ADD
5c20 00           SET PCLO
5c21 60           OP OVL
5c22 16           SET TMP0
5c23 81           A PCHI
5c24 b6           B TMP0
5c25 61           OP ADD
5c26 01           SET PCHI
5c27              
5c27              GET TMP1
5c27 97           A TMP1
5c28 b7           B TMP1
5c29 66           OP OR
5c2a              
5c2a 00           SET PCLO
5c2b              GET TMP2
5c2b 98           A TMP2
5c2c b8           B TMP2
5c2d 66           OP OR
5c2e              
5c2e 01           SET PCHI
5c2f              NEXT
5c2f 80           A PCLO
5c30 a1           B PCHI
5c31 62           OUT2 PBR
5c32 37           IN TMP1
5c33 bb           B V1
5c34 61           OP ADD
5c35 00           SET PCLO
5c36 60           OP OVL
5c37 16           SET TMP0
5c38 81           A PCHI
5c39 b6           B TMP0
5c3a 61           OP ADD
5c3b f7           JMP TMP1
5c3c 01           SET PCHI
5c3d              
5c3d              
5c3d              
a500              ORG $A500
a500              FETCHADDRESS_d
a500              FETCH ADDRLO
a500 80           A PCLO
a501 a1           B PCHI
a502 62           OUT2 PBR
a503 33           IN ADDRLO
a504 bb           B V1
a505 61           OP ADD
a506 00           SET PCLO
a507 60           OP OVL
a508 16           SET TMP0
a509 81           A PCHI
a50a b6           B TMP0
a50b 61           OP ADD
a50c 01           SET PCHI
a50d              
a50d 93           A ADDRLO
a50e a6           B DLO
a50f 61           OP ADD
a510 13           SET ADDRLO
a511 60           OP OVL
a512 16           SET TMP0
a513 87           A DHI
a514 b6           B TMP0
a515 61           OP ADD
a516 14           SET ADDRHI
a517              
a517              LOAD V0 ALO
a517 93           A ADDRLO
a518 b4           B ADDRHI
a519 7f           OUT2 V0
a51a 23           IN ALO
a51b              
a51b              BRACCU16 LDA_d_16bit
a51b 9f           A V0
a51c b1           B MFLAG
a51d c6           BEQ LDA_d_16bit
a51e              
a51e              NEXT
a51e 80           A PCLO
a51f a1           B PCHI
a520 62           OUT2 PBR
a521 37           IN TMP1
a522 bb           B V1
a523 61           OP ADD
a524 00           SET PCLO
a525 60           OP OVL
a526 16           SET TMP0
a527 81           A PCHI
a528 b6           B TMP0
a529 61           OP ADD
a52a f7           JMP TMP1
a52b 01           SET PCHI
a52c              
a52c 60 60 60 60  LDA_d_16bit :
a530              INCREMENTADDRESS
a530 93           A ADDRLO
a531 bb           B V1
a532 61           OP ADD
a533 13           SET ADDRLO
a534 60           OP OVL
a535 16           SET TMP0
a536 96           A TMP0
a537 b4           B ADDRHI
a538 14           SET ADDRHI
a539              
a539              LOAD V0 AHI
a539 93           A ADDRLO
a53a b4           B ADDRHI
a53b 7f           OUT2 V0
a53c 24           IN AHI
a53d              
a53d              NEXT
a53d 80           A PCLO
a53e a1           B PCHI
a53f 62           OUT2 PBR
a540 37           IN TMP1
a541 bb           B V1
a542 61           OP ADD
a543 00           SET PCLO
a544 60           OP OVL
a545 16           SET TMP0
a546 81           A PCHI
a547 b6           B TMP0
a548 61           OP ADD
a549 f7           JMP TMP1
a54a 01           SET PCHI
a54b              
a54b              
a54b              
a900              ORG $A900
a900              FETCH ALO
a900 80           A PCLO
a901 a1           B PCHI
a902 62           OUT2 PBR
a903 23           IN ALO
a904 bb           B V1
a905 61           OP ADD
a906 00           SET PCLO
a907 60           OP OVL
a908 16           SET TMP0
a909 81           A PCHI
a90a b6           B TMP0
a90b 61           OP ADD
a90c 01           SET PCHI
a90d              
a90d              BRACCU16 LDA_#_16bit
a90d 9f           A V0
a90e b1           B MFLAG
a90f c4           BEQ LDA_#_16bit
a910              
a910              NEXT
a910 80           A PCLO
a911 a1           B PCHI
a912 62           OUT2 PBR
a913 37           IN TMP1
a914 bb           B V1
a915 61           OP ADD
a916 00           SET PCLO
a917 60           OP OVL
a918 16           SET TMP0
a919 81           A PCHI
a91a b6           B TMP0
a91b 61           OP ADD
a91c f7           JMP TMP1
a91d 01           SET PCHI
a91e              
a91e 60 60        LDA_#_16bit :
a920              FETCH AHI
a920 80           A PCLO
a921 a1           B PCHI
a922 62           OUT2 PBR
a923 24           IN AHI
a924 bb           B V1
a925 61           OP ADD
a926 00           SET PCLO
a927 60           OP OVL
a928 16           SET TMP0
a929 81           A PCHI
a92a b6           B TMP0
a92b 61           OP ADD
a92c 01           SET PCHI
a92d              
a92d              NEXT
a92d 80           A PCLO
a92e a1           B PCHI
a92f 62           OUT2 PBR
a930 37           IN TMP1
a931 bb           B V1
a932 61           OP ADD
a933 00           SET PCLO
a934 60           OP OVL
a935 16           SET TMP0
a936 81           A PCHI
a937 b6           B TMP0
a938 61           OP ADD
a939 f7           JMP TMP1
a93a 01           SET PCHI
a93b              
a93b              
a93b              
bf00              ORG $BF00
bf00              FETCHADDRESS_a_x
bf00              FETCH ADDRLO
bf00 80           A PCLO
bf01 a1           B PCHI
bf02 62           OUT2 PBR
bf03 33           IN ADDRLO
bf04 bb           B V1
bf05 61           OP ADD
bf06 00           SET PCLO
bf07 60           OP OVL
bf08 16           SET TMP0
bf09 81           A PCHI
bf0a b6           B TMP0
bf0b 61           OP ADD
bf0c 01           SET PCHI
bf0d              
bf0d              FETCH ADDRHI
bf0d 80           A PCLO
bf0e a1           B PCHI
bf0f 62           OUT2 PBR
bf10 34           IN ADDRHI
bf11 bb           B V1
bf12 61           OP ADD
bf13 00           SET PCLO
bf14 60           OP OVL
bf15 16           SET TMP0
bf16 81           A PCHI
bf17 b6           B TMP0
bf18 61           OP ADD
bf19 01           SET PCHI
bf1a              
bf1a 93           A ADDRLO
bf1b a8           B XLO
bf1c 61           OP ADD
bf1d 13           SET ADDRLO
bf1e 60           OP OVL
bf1f 16           SET TMP0
bf20 94           A ADDRHI
bf21 a9           B XHI
bf22 61           OP ADD
bf23 14           SET ADDRHI
bf24 94           A ADDRHI
bf25 b6           B TMP0
bf26 14           SET ADDRHI
bf27              
bf27              FETCH TMP4
bf27 80           A PCLO
bf28 a1           B PCHI
bf29 62           OUT2 PBR
bf2a 3a           IN TMP4
bf2b bb           B V1
bf2c 61           OP ADD
bf2d 00           SET PCLO
bf2e 60           OP OVL
bf2f 16           SET TMP0
bf30 81           A PCHI
bf31 b6           B TMP0
bf32 61           OP ADD
bf33 01           SET PCHI
bf34              
bf34              LOAD TMP4 ALO
bf34 93           A ADDRLO
bf35 b4           B ADDRHI
bf36 7a           OUT2 TMP4
bf37 23           IN ALO
bf38              
bf38              BRACCU16 LDA_alx_16bit
bf38 9f           A V0
bf39 b1           B MFLAG
bf3a ca           BEQ LDA_alx_16bit
bf3b              
bf3b              NEXT
bf3b 80           A PCLO
bf3c a1           B PCHI
bf3d 62           OUT2 PBR
bf3e 37           IN TMP1
bf3f bb           B V1
bf40 61           OP ADD
bf41 00           SET PCLO
bf42 60           OP OVL
bf43 16           SET TMP0
bf44 81           A PCHI
bf45 b6           B TMP0
bf46 61           OP ADD
bf47 f7           JMP TMP1
bf48 01           SET PCHI
bf49              
bf49 60 60 60 60  LDA_alx_16bit :
bf4d 60 60 60    
bf50              INCREMENTADDRESS
bf50 93           A ADDRLO
bf51 bb           B V1
bf52 61           OP ADD
bf53 13           SET ADDRLO
bf54 60           OP OVL
bf55 16           SET TMP0
bf56 96           A TMP0
bf57 b4           B ADDRHI
bf58 14           SET ADDRHI
bf59              
bf59              LOAD TMP4 AHI
bf59 93           A ADDRLO
bf5a b4           B ADDRHI
bf5b 7a           OUT2 TMP4
bf5c 24           IN AHI
bf5d              
bf5d              NEXT
bf5d 80           A PCLO
bf5e a1           B PCHI
bf5f 62           OUT2 PBR
bf60 37           IN TMP1
bf61 bb           B V1
bf62 61           OP ADD
bf63 00           SET PCLO
bf64 60           OP OVL
bf65 16           SET TMP0
bf66 81           A PCHI
bf67 b6           B TMP0
bf68 61           OP ADD
bf69 f7           JMP TMP1
bf6a 01           SET PCHI
bf6b              
bf6b              
bf6b              
af00              ORG $AF00
af00              FETCHADDRESS_a
af00              FETCH ADDRLO
af00 80           A PCLO
af01 a1           B PCHI
af02 62           OUT2 PBR
af03 33           IN ADDRLO
af04 bb           B V1
af05 61           OP ADD
af06 00           SET PCLO
af07 60           OP OVL
af08 16           SET TMP0
af09 81           A PCHI
af0a b6           B TMP0
af0b 61           OP ADD
af0c 01           SET PCHI
af0d              
af0d              FETCH ADDRHI
af0d 80           A PCLO
af0e a1           B PCHI
af0f 62           OUT2 PBR
af10 34           IN ADDRHI
af11 bb           B V1
af12 61           OP ADD
af13 00           SET PCLO
af14 60           OP OVL
af15 16           SET TMP0
af16 81           A PCHI
af17 b6           B TMP0
af18 61           OP ADD
af19 01           SET PCHI
af1a              
af1a              
af1a              FETCH TMP4
af1a 80           A PCLO
af1b a1           B PCHI
af1c 62           OUT2 PBR
af1d 3a           IN TMP4
af1e bb           B V1
af1f 61           OP ADD
af20 00           SET PCLO
af21 60           OP OVL
af22 16           SET TMP0
af23 81           A PCHI
af24 b6           B TMP0
af25 61           OP ADD
af26 01           SET PCHI
af27              
af27              LOAD TMP4 ALO
af27 93           A ADDRLO
af28 b4           B ADDRHI
af29 7a           OUT2 TMP4
af2a 23           IN ALO
af2b              
af2b              BRACCU16 LDA_al_16bit
af2b 9f           A V0
af2c b1           B MFLAG
af2d c8           BEQ LDA_al_16bit
af2e              
af2e              NEXT
af2e 80           A PCLO
af2f a1           B PCHI
af30 62           OUT2 PBR
af31 37           IN TMP1
af32 bb           B V1
af33 61           OP ADD
af34 00           SET PCLO
af35 60           OP OVL
af36 16           SET TMP0
af37 81           A PCHI
af38 b6           B TMP0
af39 61           OP ADD
af3a f7           JMP TMP1
af3b 01           SET PCHI
af3c              
af3c 60 60 60 60  LDA_al_16bit :
af40              INCREMENTADDRESS
af40 93           A ADDRLO
af41 bb           B V1
af42 61           OP ADD
af43 13           SET ADDRLO
af44 60           OP OVL
af45 16           SET TMP0
af46 96           A TMP0
af47 b4           B ADDRHI
af48 14           SET ADDRHI
af49              
af49              LOAD TMP4 AHI
af49 93           A ADDRLO
af4a b4           B ADDRHI
af4b 7a           OUT2 TMP4
af4c 24           IN AHI
af4d              
af4d              NEXT
af4d 80           A PCLO
af4e a1           B PCHI
af4f 62           OUT2 PBR
af50 37           IN TMP1
af51 bb           B V1
af52 61           OP ADD
af53 00           SET PCLO
af54 60           OP OVL
af55 16           SET TMP0
af56 81           A PCHI
af57 b6           B TMP0
af58 61           OP ADD
af59 f7           JMP TMP1
af5a 01           SET PCHI
af5b              
af5b              
af5b              
af5b              
a200              ORG $A200
a200              FETCH XLO
a200 80           A PCLO
a201 a1           B PCHI
a202 62           OUT2 PBR
a203 28           IN XLO
a204 bb           B V1
a205 61           OP ADD
a206 00           SET PCLO
a207 60           OP OVL
a208 16           SET TMP0
a209 81           A PCHI
a20a b6           B TMP0
a20b 61           OP ADD
a20c 01           SET PCHI
a20d              
a20d              BRINDEX16 LDX_#_16bit
a20d 9f           A V0
a20e b2           B XFLAG
a20f c4           BEQ LDX_#_16bit
a210              
a210              NEXT
a210 80           A PCLO
a211 a1           B PCHI
a212 62           OUT2 PBR
a213 37           IN TMP1
a214 bb           B V1
a215 61           OP ADD
a216 00           SET PCLO
a217 60           OP OVL
a218 16           SET TMP0
a219 81           A PCHI
a21a b6           B TMP0
a21b 61           OP ADD
a21c f7           JMP TMP1
a21d 01           SET PCHI
a21e              
a21e 60 60        LDX_#_16bit :
a220              FETCH XHI
a220 80           A PCLO
a221 a1           B PCHI
a222 62           OUT2 PBR
a223 29           IN XHI
a224 bb           B V1
a225 61           OP ADD
a226 00           SET PCLO
a227 60           OP OVL
a228 16           SET TMP0
a229 81           A PCHI
a22a b6           B TMP0
a22b 61           OP ADD
a22c 01           SET PCHI
a22d              
a22d              NEXT
a22d 80           A PCLO
a22e a1           B PCHI
a22f 62           OUT2 PBR
a230 37           IN TMP1
a231 bb           B V1
a232 61           OP ADD
a233 00           SET PCLO
a234 60           OP OVL
a235 16           SET TMP0
a236 81           A PCHI
a237 b6           B TMP0
a238 61           OP ADD
a239 f7           JMP TMP1
a23a 01           SET PCHI
a23b              
a23b              
a23b              
a000              ORG $A000
a000              FETCH YLO
a000 80           A PCLO
a001 a1           B PCHI
a002 62           OUT2 PBR
a003 2a           IN YLO
a004 bb           B V1
a005 61           OP ADD
a006 00           SET PCLO
a007 60           OP OVL
a008 16           SET TMP0
a009 81           A PCHI
a00a b6           B TMP0
a00b 61           OP ADD
a00c 01           SET PCHI
a00d              
a00d              BRINDEX16 LDY_#_16bit
a00d 9f           A V0
a00e b2           B XFLAG
a00f c4           BEQ LDY_#_16bit
a010              
a010              NEXT
a010 80           A PCLO
a011 a1           B PCHI
a012 62           OUT2 PBR
a013 37           IN TMP1
a014 bb           B V1
a015 61           OP ADD
a016 00           SET PCLO
a017 60           OP OVL
a018 16           SET TMP0
a019 81           A PCHI
a01a b6           B TMP0
a01b 61           OP ADD
a01c f7           JMP TMP1
a01d 01           SET PCHI
a01e              
a01e 60 60        LDY_#_16bit :
a020              FETCH YHI
a020 80           A PCLO
a021 a1           B PCHI
a022 62           OUT2 PBR
a023 2b           IN YHI
a024 bb           B V1
a025 61           OP ADD
a026 00           SET PCLO
a027 60           OP OVL
a028 16           SET TMP0
a029 81           A PCHI
a02a b6           B TMP0
a02b 61           OP ADD
a02c 01           SET PCHI
a02d              
a02d              NEXT
a02d 80           A PCLO
a02e a1           B PCHI
a02f 62           OUT2 PBR
a030 37           IN TMP1
a031 bb           B V1
a032 61           OP ADD
a033 00           SET PCLO
a034 60           OP OVL
a035 16           SET TMP0
a036 81           A PCHI
a037 b6           B TMP0
a038 61           OP ADD
a039 f7           JMP TMP1
a03a 01           SET PCHI
a03b              
a03b              
a03b              
a03b              
a03b              
a03b              
a03b              
e900              ORG $E900
e900              FETCH TMP4
e900 80           A PCLO
e901 a1           B PCHI
e902 62           OUT2 PBR
e903 3a           IN TMP4
e904 bb           B V1
e905 61           OP ADD
e906 00           SET PCLO
e907 60           OP OVL
e908 16           SET TMP0
e909 81           A PCHI
e90a b6           B TMP0
e90b 61           OP ADD
e90c 01           SET PCHI
e90d              
e90d              SBC8 ALO TMP4
e90d              
e90d              
e90d 9a           A TMP4
e90e be           B V255
e90f 67           OP EOR
e910 16           SET TMP0
e911              
e911 83           A ALO
e912 b6           B TMP0
e913 61           OP ADD
e914 03           SET ALO
e915 60           OP OVL
e916 16           SET TMP0
e917 83           A ALO
e918 ae           B CFLAG
e919 61           OP ADD
e91a 03           SET ALO
e91b 0f           SET NFLAG
e91c 10           SET ZFLAG
e91d 60           OP OVL
e91e 17           SET TMP1
e91f 96           A TMP0
e920 b7           B TMP1
e921 66           OP OR
e922 0e           SET CFLAG
e923              
e923              BRACCU16 SBC_#_16bit
e923 9f           A V0
e924 b1           B MFLAG
e925 c7           BEQ SBC_#_16bit
e926              
e926              NEXT
e926 80           A PCLO
e927 a1           B PCHI
e928 62           OUT2 PBR
e929 37           IN TMP1
e92a bb           B V1
e92b 61           OP ADD
e92c 00           SET PCLO
e92d 60           OP OVL
e92e 16           SET TMP0
e92f 81           A PCHI
e930 b6           B TMP0
e931 61           OP ADD
e932 f7           JMP TMP1
e933 01           SET PCHI
e934              
e934 60 60 60 60  SBC_#_16bit :
e938              FETCH TMP4
e938 80           A PCLO
e939 a1           B PCHI
e93a 62           OUT2 PBR
e93b 3a           IN TMP4
e93c bb           B V1
e93d 61           OP ADD
e93e 00           SET PCLO
e93f 60           OP OVL
e940 16           SET TMP0
e941 81           A PCHI
e942 b6           B TMP0
e943 61           OP ADD
e944 01           SET PCHI
e945              
e945              SBC8 AHI TMP4
e945              
e945              
e945 9a           A TMP4
e946 be           B V255
e947 67           OP EOR
e948 16           SET TMP0
e949              
e949 84           A AHI
e94a b6           B TMP0
e94b 61           OP ADD
e94c 04           SET AHI
e94d 60           OP OVL
e94e 16           SET TMP0
e94f 84           A AHI
e950 ae           B CFLAG
e951 61           OP ADD
e952 04           SET AHI
e953 0f           SET NFLAG
e954 10           SET ZFLAG
e955 60           OP OVL
e956 17           SET TMP1
e957 96           A TMP0
e958 b7           B TMP1
e959 66           OP OR
e95a 0e           SET CFLAG
e95b              
e95b              COMPUTEZFLAG ALO AHI
e95b 83           A ALO
e95c a4           B AHI
e95d 66           OP OR
e95e 10           SET ZFLAG
e95f              
e95f              NEXT
e95f 80           A PCLO
e960 a1           B PCHI
e961 62           OUT2 PBR
e962 37           IN TMP1
e963 bb           B V1
e964 61           OP ADD
e965 00           SET PCLO
e966 60           OP OVL
e967 16           SET TMP0
e968 81           A PCHI
e969 b6           B TMP0
e96a 61           OP ADD
e96b f7           JMP TMP1
e96c 01           SET PCHI
e96d              
e96d              
3800              ORG $3800
3800              GET V1
3800 9b           A V1
3801 bb           B V1
3802 66           OP OR
3803              
3803 0e           SET CFLAG
3804              NEXT
3804 80           A PCLO
3805 a1           B PCHI
3806 62           OUT2 PBR
3807 37           IN TMP1
3808 bb           B V1
3809 61           OP ADD
380a 00           SET PCLO
380b 60           OP OVL
380c 16           SET TMP0
380d 81           A PCHI
380e b6           B TMP0
380f 61           OP ADD
3810 f7           JMP TMP1
3811 01           SET PCHI
3812              
3812              
8500              ORG $8500
8500              FETCHADDRESS_d
8500              FETCH ADDRLO
8500 80           A PCLO
8501 a1           B PCHI
8502 62           OUT2 PBR
8503 33           IN ADDRLO
8504 bb           B V1
8505 61           OP ADD
8506 00           SET PCLO
8507 60           OP OVL
8508 16           SET TMP0
8509 81           A PCHI
850a b6           B TMP0
850b 61           OP ADD
850c 01           SET PCHI
850d              
850d 93           A ADDRLO
850e a6           B DLO
850f 61           OP ADD
8510 13           SET ADDRLO
8511 60           OP OVL
8512 16           SET TMP0
8513 87           A DHI
8514 b6           B TMP0
8515 61           OP ADD
8516 14           SET ADDRHI
8517              
8517              STORE V0 ALO
8517 93           A ADDRLO
8518 b4           B ADDRHI
8519 7f           OUT2 V0
851a 43           OUT ALO
851b              
851b              BRACCU16 STA_d_16bit
851b 9f           A V0
851c b1           B MFLAG
851d c6           BEQ STA_d_16bit
851e              
851e              NEXT
851e 80           A PCLO
851f a1           B PCHI
8520 62           OUT2 PBR
8521 37           IN TMP1
8522 bb           B V1
8523 61           OP ADD
8524 00           SET PCLO
8525 60           OP OVL
8526 16           SET TMP0
8527 81           A PCHI
8528 b6           B TMP0
8529 61           OP ADD
852a f7           JMP TMP1
852b 01           SET PCHI
852c              
852c 60 60 60 60  STA_d_16bit :
8530              INCREMENTADDRESS
8530 93           A ADDRLO
8531 bb           B V1
8532 61           OP ADD
8533 13           SET ADDRLO
8534 60           OP OVL
8535 16           SET TMP0
8536 96           A TMP0
8537 b4           B ADDRHI
8538 14           SET ADDRHI
8539              
8539              STORE V0 AHI
8539 93           A ADDRLO
853a b4           B ADDRHI
853b 7f           OUT2 V0
853c 44           OUT AHI
853d              
853d              NEXT
853d 80           A PCLO
853e a1           B PCHI
853f 62           OUT2 PBR
8540 37           IN TMP1
8541 bb           B V1
8542 61           OP ADD
8543 00           SET PCLO
8544 60           OP OVL
8545 16           SET TMP0
8546 81           A PCHI
8547 b6           B TMP0
8548 61           OP ADD
8549 f7           JMP TMP1
854a 01           SET PCHI
854b              
854b              
854b              
8f00              ORG $8F00
8f00              FETCHADDRESS_a
8f00              FETCH ADDRLO
8f00 80           A PCLO
8f01 a1           B PCHI
8f02 62           OUT2 PBR
8f03 33           IN ADDRLO
8f04 bb           B V1
8f05 61           OP ADD
8f06 00           SET PCLO
8f07 60           OP OVL
8f08 16           SET TMP0
8f09 81           A PCHI
8f0a b6           B TMP0
8f0b 61           OP ADD
8f0c 01           SET PCHI
8f0d              
8f0d              FETCH ADDRHI
8f0d 80           A PCLO
8f0e a1           B PCHI
8f0f 62           OUT2 PBR
8f10 34           IN ADDRHI
8f11 bb           B V1
8f12 61           OP ADD
8f13 00           SET PCLO
8f14 60           OP OVL
8f15 16           SET TMP0
8f16 81           A PCHI
8f17 b6           B TMP0
8f18 61           OP ADD
8f19 01           SET PCHI
8f1a              
8f1a              
8f1a              FETCH TMP4
8f1a 80           A PCLO
8f1b a1           B PCHI
8f1c 62           OUT2 PBR
8f1d 3a           IN TMP4
8f1e bb           B V1
8f1f 61           OP ADD
8f20 00           SET PCLO
8f21 60           OP OVL
8f22 16           SET TMP0
8f23 81           A PCHI
8f24 b6           B TMP0
8f25 61           OP ADD
8f26 01           SET PCHI
8f27              
8f27              STORE TMP4 ALO
8f27 93           A ADDRLO
8f28 b4           B ADDRHI
8f29 7a           OUT2 TMP4
8f2a 43           OUT ALO
8f2b              
8f2b              BRACCU16 STA_al_16bit
8f2b 9f           A V0
8f2c b1           B MFLAG
8f2d c8           BEQ STA_al_16bit
8f2e              
8f2e              NEXT
8f2e 80           A PCLO
8f2f a1           B PCHI
8f30 62           OUT2 PBR
8f31 37           IN TMP1
8f32 bb           B V1
8f33 61           OP ADD
8f34 00           SET PCLO
8f35 60           OP OVL
8f36 16           SET TMP0
8f37 81           A PCHI
8f38 b6           B TMP0
8f39 61           OP ADD
8f3a f7           JMP TMP1
8f3b 01           SET PCHI
8f3c              
8f3c 60 60 60 60  STA_al_16bit :
8f40              INCREMENTADDRESS
8f40 93           A ADDRLO
8f41 bb           B V1
8f42 61           OP ADD
8f43 13           SET ADDRLO
8f44 60           OP OVL
8f45 16           SET TMP0
8f46 96           A TMP0
8f47 b4           B ADDRHI
8f48 14           SET ADDRHI
8f49              
8f49              STORE TMP4 AHI
8f49 93           A ADDRLO
8f4a b4           B ADDRHI
8f4b 7a           OUT2 TMP4
8f4c 44           OUT AHI
8f4d              
8f4d              NEXT
8f4d 80           A PCLO
8f4e a1           B PCHI
8f4f 62           OUT2 PBR
8f50 37           IN TMP1
8f51 bb           B V1
8f52 61           OP ADD
8f53 00           SET PCLO
8f54 60           OP OVL
8f55 16           SET TMP0
8f56 81           A PCHI
8f57 b6           B TMP0
8f58 61           OP ADD
8f59 f7           JMP TMP1
8f5a 01           SET PCHI
8f5b              
8f5b              
8f5b              
aa00              ORG $AA00
aa00              BRINDEX16 TAX_to16
aa00 9f           A V0
aa01 b2           B XFLAG
aa02 c3           BEQ TAX_to16
aa03              
aa03              
aa03              GET ALO
aa03 83           A ALO
aa04 a3           B ALO
aa05 66           OP OR
aa06              
aa06 08           SET XLO
aa07              NEXT
aa07 80           A PCLO
aa08 a1           B PCHI
aa09 62           OUT2 PBR
aa0a 37           IN TMP1
aa0b bb           B V1
aa0c 61           OP ADD
aa0d 00           SET PCLO
aa0e 60           OP OVL
aa0f 16           SET TMP0
aa10 81           A PCHI
aa11 b6           B TMP0
aa12 61           OP ADD
aa13 f7           JMP TMP1
aa14 01           SET PCHI
aa15              
aa15 60 60 60     TAX_to16 :
aa18              BRACCU16 TAX_16to16
aa18 9f           A V0
aa19 b1           B MFLAG
aa1a c7           BEQ TAX_16to16
aa1b              
aa1b              
aa1b              GET ALO
aa1b 83           A ALO
aa1c a3           B ALO
aa1d 66           OP OR
aa1e              
aa1e 08           SET XLO
aa1f              GET V0
aa1f 9f           A V0
aa20 bf           B V0
aa21 66           OP OR
aa22              
aa22 09           SET XHI
aa23              NEXT
aa23 80           A PCLO
aa24 a1           B PCHI
aa25 62           OUT2 PBR
aa26 37           IN TMP1
aa27 bb           B V1
aa28 61           OP ADD
aa29 00           SET PCLO
aa2a 60           OP OVL
aa2b 16           SET TMP0
aa2c 81           A PCHI
aa2d b6           B TMP0
aa2e 61           OP ADD
aa2f f7           JMP TMP1
aa30 01           SET PCHI
aa31              
aa31 60 60 60 60  TAX_16to16 :
aa35 60 60 60    
aa38              GET ALO
aa38 83           A ALO
aa39 a3           B ALO
aa3a 66           OP OR
aa3b              
aa3b 08           SET XLO
aa3c              GET AHI
aa3c 84           A AHI
aa3d a4           B AHI
aa3e 66           OP OR
aa3f              
aa3f 09           SET XHI
aa40              NEXT
aa40 80           A PCLO
aa41 a1           B PCHI
aa42 62           OUT2 PBR
aa43 37           IN TMP1
aa44 bb           B V1
aa45 61           OP ADD
aa46 00           SET PCLO
aa47 60           OP OVL
aa48 16           SET TMP0
aa49 81           A PCHI
aa4a b6           B TMP0
aa4b 61           OP ADD
aa4c f7           JMP TMP1
aa4d 01           SET PCHI
aa4e              
aa4e              
aa4e              
aa4e              
aa4e              
fb00              ORG $FB00
fb00              GET V0
fb00 9f           A V0
fb01 bf           B V0
fb02 66           OP OR
fb03              
fb03 0e           SET CFLAG
fb04              NEXT
fb04 80           A PCLO
fb05 a1           B PCHI
fb06 62           OUT2 PBR
fb07 37           IN TMP1
fb08 bb           B V1
fb09 61           OP ADD
fb0a 00           SET PCLO
fb0b 60           OP OVL
fb0c 16           SET TMP0
fb0d 81           A PCHI
fb0e b6           B TMP0
fb0f 61           OP ADD
fb10 f7           JMP TMP1
fb11 01           SET PCHI
fb12              
fb12              
